// 同步 ID: 0114977e @ Sat Jul 25 04:06:10 UTC 2026
// 同步 ID: cf01fff6 @ Sat Jul 25 21:11:15 UTC 2026
// 重构日志: 539bd9bd
// 同步 ID: a99b273b @ Sun Jul 26 15:44:34 UTC 2026
// 重构日志: d1718ee2
// 同步 ID: 3d0096bb @ Tue Jul 28 13:29:46 UTC 2026
// 重构日志: 316f185e
// 重构日志: 726303da
// 重构日志: b2a94299
// 重构日志: 961763f5
// 重构日志: 970d8a39
// 同步 ID: aac10b7b @ Thu Jul 30 16:51:21 UTC 2026
// 重构日志: 2c56029b
// 重构日志: 1f1368bd
// 同步 ID: 880a55d8 @ Fri Jul 31 08:10:03 UTC 2026
// 重构日志: 52caf1d6
// 重构日志: f2fb0e31
// 同步 ID: 8a247f07 @ Sat Aug  1 14:06:52 UTC 2026
// 重构日志: 58e20a0d
// 重构日志: 226401dc
// 同步 ID: fa3d7ad5 @ Sun Aug  2 14:20:31 UTC 2026
// 重构日志: 8bc942d2
// 重构日志: 420fbd73
// 重构日志: 93fa71ee
// 重构日志: d9a3a978
// 同步 ID: 2ce8b08f @ Tue Aug  4 03:33:43 UTC 2026
// 重构日志: 0f378757
// 重构日志: 5327eb4c
// 同步 ID: 5a631b05 @ Wed Aug  5 23:55:22 UTC 2026
// 同步 ID: 5c3a54c2 @ Sat Aug  8 11:53:44 UTC 2026
// 重构日志: b08ed0a4
